mode: set
github.com/mrFokin/sessions/middleware.go:12.89,16.50 1 1
github.com/mrFokin/sessions/middleware.go:16.50,18.4 1 1
github.com/mrFokin/sessions/middleware.go:19.55,20.45 1 1
github.com/mrFokin/sessions/middleware.go:20.45,22.5 1 1
github.com/mrFokin/sessions/middleware.go:23.4,23.14 1 0
github.com/mrFokin/sessions/sessions.go:42.126,50.2 1 1
github.com/mrFokin/sessions/sessions.go:60.70,62.34 2 1
github.com/mrFokin/sessions/sessions.go:62.34,63.55 1 1
github.com/mrFokin/sessions/sessions.go:63.55,65.4 1 0
github.com/mrFokin/sessions/sessions.go:68.2,68.27 1 1
github.com/mrFokin/sessions/sessions.go:71.47,73.29 2 1
github.com/mrFokin/sessions/sessions.go:73.29,74.55 1 1
github.com/mrFokin/sessions/sessions.go:74.55,76.4 1 0
github.com/mrFokin/sessions/sessions.go:79.2,80.12 2 1
github.com/mrFokin/sessions/sessions.go:83.50,85.33 2 1
github.com/mrFokin/sessions/sessions.go:85.33,87.3 1 1
github.com/mrFokin/sessions/sessions.go:89.2,90.16 2 1
github.com/mrFokin/sessions/sessions.go:90.16,92.3 1 1
github.com/mrFokin/sessions/sessions.go:94.2,94.54 1 1
github.com/mrFokin/sessions/sessions.go:94.54,96.3 1 1
github.com/mrFokin/sessions/sessions.go:98.2,98.39 1 1
github.com/mrFokin/sessions/sessions.go:98.39,101.3 2 1
github.com/mrFokin/sessions/sessions.go:105.2,106.16 2 1
github.com/mrFokin/sessions/sessions.go:106.16,108.3 1 1
github.com/mrFokin/sessions/sessions.go:110.2,111.54 2 1
github.com/mrFokin/sessions/sessions.go:114.70,118.16 3 1
github.com/mrFokin/sessions/sessions.go:118.16,120.3 1 0
github.com/mrFokin/sessions/sessions.go:122.2,133.48 2 1
github.com/mrFokin/sessions/sessions.go:133.48,136.3 2 1
github.com/mrFokin/sessions/sessions.go:138.2,139.12 2 1
github.com/mrFokin/sessions/sessions.go:142.88,166.2 2 1
github.com/mrFokin/sessions/sessions.go:168.49,192.2 2 1
github.com/mrFokin/sessions/store/memory.go:13.36,15.2 1 1
github.com/mrFokin/sessions/store/memory.go:17.56,20.2 2 1
github.com/mrFokin/sessions/store/memory.go:22.87,24.9 2 1
github.com/mrFokin/sessions/store/memory.go:24.9,27.3 2 1
github.com/mrFokin/sessions/store/memory.go:28.2,29.8 2 1
github.com/mrFokin/sessions/store/memory.go:32.57,35.2 2 1
github.com/mrFokin/sessions/store/redis.go:17.52,21.2 1 1
github.com/mrFokin/sessions/store/redis.go:23.61,27.16 3 1
github.com/mrFokin/sessions/store/redis.go:27.16,29.3 1 0
github.com/mrFokin/sessions/store/redis.go:31.2,32.14 2 1
github.com/mrFokin/sessions/store/redis.go:32.14,34.3 1 1
github.com/mrFokin/sessions/store/redis.go:37.2,37.69 1 1
github.com/mrFokin/sessions/store/redis.go:40.86,44.16 3 1
github.com/mrFokin/sessions/store/redis.go:44.16,45.32 1 1
github.com/mrFokin/sessions/store/redis.go:45.32,48.4 2 1
github.com/mrFokin/sessions/store/redis.go:49.3,49.9 1 0
github.com/mrFokin/sessions/store/redis.go:52.2,52.54 1 1
github.com/mrFokin/sessions/store/redis.go:52.54,54.3 1 0
github.com/mrFokin/sessions/store/redis.go:56.2,56.8 1 1
github.com/mrFokin/sessions/store/redis.go:59.56,62.2 2 1
